******************************************************************************
                  MSP430 Linker Unix v4.4.4                    
******************************************************************************
>> Linked Tue Jun  2 09:08:58 2015

OUTPUT FILE NAME:   <Ejercicio3.out>
ENTRY POINT SYMBOL: "_c_int00_noargs_noexit"  address: 00008790


MEMORY CONFIGURATION

         name            origin    length      used     unused   attr    fill
----------------------  --------  ---------  --------  --------  ----  --------
  SFR                   00000000   00000010  00000000  00000010  RWIX
  PERIPHERALS_8BIT      00000010   000000f0  00000000  000000f0  RWIX
  PERIPHERALS_16BIT     00000100   00000100  00000000  00000100  RWIX
  RAM                   00000200   00000400  00000067  00000399  RWIX
  INFOD                 00001000   00000040  00000000  00000040  RWIX
  INFOC                 00001040   00000040  00000000  00000040  RWIX
  INFOB                 00001080   00000040  00000000  00000040  RWIX
  INFOA                 000010c0   00000040  00000000  00000040  RWIX
  FLASH                 00008000   00007fde  000008dc  00007702  RWIX
  INT00                 0000ffe0   00000002  00000000  00000002  RWIX
  INT01                 0000ffe2   00000002  00000000  00000002  RWIX
  INT02                 0000ffe4   00000002  00000002  00000000  RWIX
  INT03                 0000ffe6   00000002  00000002  00000000  RWIX
  INT04                 0000ffe8   00000002  00000000  00000002  RWIX
  INT05                 0000ffea   00000002  00000002  00000000  RWIX
  INT06                 0000ffec   00000002  00000002  00000000  RWIX
  INT07                 0000ffee   00000002  00000002  00000000  RWIX
  INT08                 0000fff0   00000002  00000002  00000000  RWIX
  INT09                 0000fff2   00000002  00000002  00000000  RWIX
  INT10                 0000fff4   00000002  00000002  00000000  RWIX
  INT11                 0000fff6   00000002  00000000  00000002  RWIX
  INT12                 0000fff8   00000002  00000002  00000000  RWIX
  INT13                 0000fffa   00000002  00000002  00000000  RWIX
  INT14                 0000fffc   00000002  00000002  00000000  RWIX
  RESET                 0000fffe   00000002  00000002  00000000  RWIX


SECTION ALLOCATION MAP

 output                                  attributes/
section   page    origin      length       input sections
--------  ----  ----------  ----------   ----------------
.bss       0    00000200    00000017     UNINITIALIZED
                  00000200    00000014     (.common:tx_buffer)
                  00000214    00000002     (.common:AD_result)
                  00000216    00000001     (.common:datoLeido)

.stack     0    000005b0    00000050     UNINITIALIZED
                  000005b0    00000002     rts430_eabi.lib : boot.obj (.stack)
                  000005b2    0000004e     --HOLE--

.text      0    00008000    000008aa     
                  00008000    00000116     rts430_eabi.lib : _printfi_min.obj (.text:_setfield)
                  00008116    000000ca                     : _printfi_min.obj (.text:__TI_printfi_minimal)
                  000081e0    000000c2                     : fs_mpy.obj (.text)
                  000082a2    0000009a                     : fs_div.obj (.text)
                  0000833c    00000068                     : fs_toi.obj (.text)
                  000083a4    00000066     main.obj (.text:mostrarLecturaConvertida)
                  0000840a    00000058     rts430_eabi.lib : autoinit.obj (.text:_auto_init)
                  00008462    00000056                     : _printfi_min.obj (.text:_ltostr)
                  000084b8    0000004e                     : _printfi_min.obj (.text:_pproc_diouxp)
                  00008506    0000004c                     : lsr16.obj (.text)
                  00008552    00000048                     : _printfi_min.obj (.text:_pproc_str)
                  0000859a    00000044     main.obj (.text:parsearResultado)
                  000085de    0000003e     main.obj (.text:main)
                  0000861c    0000003c     TI_MSP_UART.obj (.text:Init_UART)
                  00008658    00000038     rts430_eabi.lib : sprintf.obj (.text:sprintf)
                  00008690    00000036     main.obj (.text:ISR_UartRx)
                  000086c6    0000002e     rts430_eabi.lib : _printfi_min.obj (.text:_getarg_diouxp)
                  000086f4    0000002c     TI_MSP_UART.obj (.text:UART_Tx_string)
                  00008720    0000002c     rts430_eabi.lib : div16s.obj (.text)
                  0000874c    00000024                     : fs_utof.obj (.text)
                  00008770    00000020     TI_MSP_ADC10.obj (.text:AD10_Convert)
                  00008790    0000001a     rts430_eabi.lib : boot_special.obj (.text:_c_int00_noargs_noexit)
                  000087aa    0000001a                     : sprintf.obj (.text:_outs)
                  000087c4    0000001a                     : memccpy.obj (.text:memccpy)
                  000087de    00000018                     : _printfi_min.obj (.text:_div)
                  000087f6    00000016                     : div16u.obj (.text)
                  0000880c    00000014                     : copy_zero_init.obj (.text:decompress:ZI:__TI_zero_init)
                  00008820    00000014                     : memset.obj (.text:memset)
                  00008834    00000014                     : mult16.obj (.text)
                  00008848    00000012     TI_MSP_ADC10.obj (.text:Init_ADC10)
                  0000885a    00000012     rts430_eabi.lib : sprintf.obj (.text:_outc)
                  0000886c    00000012                     : memcpy.obj (.text:memcpy)
                  0000887e    00000010                     : epilog.obj (.text)
                  0000888e    0000000e                     : strlen.obj (.text:strlen)
                  0000889c    00000006                     : isr_trap.obj (.text:_isr:__TI_ISR_TRAP)
                  000088a2    00000004                     : pre_init.obj (.text:_system_pre_init)
                  000088a6    00000004                     : exit.obj (.text:abort)

.const     0    000088aa    00000028     
                  000088aa    00000014     main.obj (.const:.string)
                  000088be    00000014     rts430_eabi.lib : _printfi_min.obj (.const:.string)

.cinit     0    000088d2    0000000a     
                  000088d2    00000004     (.cinit..bss.load) [load image, compression = zero_init]
                  000088d6    00000002     (__TI_handler_table)
                  000088d8    00000004     (__TI_cinit_table)

.init_array 
*          0    00008000    00000000     UNINITIALIZED

PORT1      0    0000ffe4    00000002     
                  0000ffe4    00000002     rts430_eabi.lib : int02.obj (.int02)

PORT2      0    0000ffe6    00000002     
                  0000ffe6    00000002     rts430_eabi.lib : int03.obj (.int03)

ADC10      0    0000ffea    00000002     
                  0000ffea    00000002     rts430_eabi.lib : int05.obj (.int05)

USCIAB0TX 
*          0    0000ffec    00000002     
                  0000ffec    00000002     rts430_eabi.lib : int06.obj (.int06)

USCIAB0RX 
*          0    0000ffee    00000002     
                  0000ffee    00000002     main.obj (.int07)

TIMERA1    0    0000fff0    00000002     
                  0000fff0    00000002     rts430_eabi.lib : int08.obj (.int08)

TIMERA0    0    0000fff2    00000002     
                  0000fff2    00000002     rts430_eabi.lib : int09.obj (.int09)

WDT        0    0000fff4    00000002     
                  0000fff4    00000002     rts430_eabi.lib : int10.obj (.int10)

TIMERB1    0    0000fff8    00000002     
                  0000fff8    00000002     rts430_eabi.lib : int12.obj (.int12)

TIMERB0    0    0000fffa    00000002     
                  0000fffa    00000002     rts430_eabi.lib : int13.obj (.int13)

NMI        0    0000fffc    00000002     
                  0000fffc    00000002     rts430_eabi.lib : int14.obj (.int14)

.reset     0    0000fffe    00000002     
                  0000fffe    00000002     rts430_eabi.lib : boot.obj (.reset)


LINKER GENERATED COPY TABLES

__TI_cinit_table @ 000088d8 records: 1, size/record: 4, table size: 4
	.bss: load addr=000088d2, load size=00000004 bytes, run addr=00000200, run size=00000017 bytes, compression=zero_init


LINKER GENERATED HANDLER TABLE

__TI_handler_table @ 000088d6 records: 1, size/record: 2, table size: 2
	index: 0, handler: __TI_zero_init


GLOBAL SYMBOLS: SORTED ALPHABETICALLY BY Name 

address   name                    
-------   ----                    
00008770  AD10_Convert            
0000004a  ADC10AE0                
0000004b  ADC10AE1                
000001b0  ADC10CTL0               
000001b2  ADC10CTL1               
00000048  ADC10DTC0               
00000049  ADC10DTC1               
000001b4  ADC10MEM                
000001bc  ADC10SA                 
00000214  AD_result               
00000057  BCSCTL1                 
00000058  BCSCTL2                 
00000053  BCSCTL3                 
000088a6  C$$EXIT                 
000010fb  CALBC1_12MHZ            
000010f9  CALBC1_16MHZ            
000010ff  CALBC1_1MHZ             
000010fd  CALBC1_8MHZ             
000010fa  CALDCO_12MHZ            
000010f8  CALDCO_16MHZ            
000010fe  CALDCO_1MHZ             
000010fc  CALDCO_8MHZ             
00000056  DCOCTL                  
00000128  FCTL1                   
0000012a  FCTL2                   
0000012c  FCTL3                   
00000000  IE1                     
00000001  IE2                     
00000002  IFG1                    
00000003  IFG2                    
00008690  ISR_UartRx              
00008848  Init_ADC10              
0000861c  Init_UART               
000000c0  OA0CTL0                 
000000c1  OA0CTL1                 
000000c2  OA1CTL0                 
000000c3  OA1CTL1                 
00000022  P1DIR                   
00000025  P1IE                    
00000024  P1IES                   
00000023  P1IFG                   
00000020  P1IN                    
00000021  P1OUT                   
00000027  P1REN                   
00000026  P1SEL                   
0000002a  P2DIR                   
0000002d  P2IE                    
0000002c  P2IES                   
0000002b  P2IFG                   
00000028  P2IN                    
00000029  P2OUT                   
0000002f  P2REN                   
0000002e  P2SEL                   
0000001a  P3DIR                   
00000018  P3IN                    
00000019  P3OUT                   
00000010  P3REN                   
0000001b  P3SEL                   
0000001e  P4DIR                   
0000001c  P4IN                    
0000001d  P4OUT                   
00000011  P4REN                   
0000001f  P4SEL                   
00000172  TACCR0                  
00000174  TACCR1                  
00000176  TACCR2                  
00000162  TACCTL0                 
00000164  TACCTL1                 
00000166  TACCTL2                 
00000160  TACTL                   
0000012e  TAIV                    
00000170  TAR                     
00000192  TBCCR0                  
00000194  TBCCR1                  
00000196  TBCCR2                  
00000182  TBCCTL0                 
00000184  TBCCTL1                 
00000186  TBCCTL2                 
00000180  TBCTL                   
0000011e  TBIV                    
00000190  TBR                     
000086f4  UART_Tx_string          
0000005d  UCA0ABCTL               
00000062  UCA0BR0                 
00000063  UCA0BR1                 
00000060  UCA0CTL0                
00000061  UCA0CTL1                
0000005f  UCA0IRRCTL              
0000005e  UCA0IRTCTL              
00000064  UCA0MCTL                
00000066  UCA0RXBUF               
00000065  UCA0STAT                
00000067  UCA0TXBUF               
0000006a  UCB0BR0                 
0000006b  UCB0BR1                 
00000068  UCB0CTL0                
00000069  UCB0CTL1                
0000006c  UCB0I2CIE               
00000118  UCB0I2COA               
0000011a  UCB0I2CSA               
0000006e  UCB0RXBUF               
0000006d  UCB0STAT                
0000006f  UCB0TXBUF               
00000120  WDTCTL                  
00000600  __STACK_END             
00000050  __STACK_SIZE            
000088d8  __TI_CINIT_Base         
000088dc  __TI_CINIT_Limit        
000088d6  __TI_Handler_Table_Base 
000088d8  __TI_Handler_Table_Limit
UNDEFED   __TI_INITARRAY_Base     
UNDEFED   __TI_INITARRAY_Limit    
0000889c  __TI_ISR_TRAP           
0000ffe4  __TI_int02              
0000ffe6  __TI_int03              
0000ffea  __TI_int05              
0000ffec  __TI_int06              
0000ffee  __TI_int07              
0000fff0  __TI_int08              
0000fff2  __TI_int09              
0000fff4  __TI_int10              
0000fff8  __TI_int12              
0000fffa  __TI_int13              
0000fffc  __TI_int14              
00008116  __TI_printfi_minimal    
0000880c  __TI_zero_init          
ffffffff  __binit__               
ffffffff  __c_args__              
000082a2  __mspabi_divf           
00008720  __mspabi_divi           
000087f6  __mspabi_divu           
0000833c  __mspabi_fixfi          
0000874c  __mspabi_fltuf          
0000888a  __mspabi_func_epilog_1  
00008888  __mspabi_func_epilog_2  
00008886  __mspabi_func_epilog_3  
00008884  __mspabi_func_epilog_4  
00008882  __mspabi_func_epilog_5  
00008880  __mspabi_func_epilog_6  
0000887e  __mspabi_func_epilog_7  
000081e0  __mspabi_mpyf           
00008834  __mspabi_mpyi           
00008834  __mspabi_mpyi_sw        
00008720  __mspabi_remi           
000087f6  __mspabi_remu           
00008506  __mspabi_srli           
0000854c  __mspabi_srli_1         
00008528  __mspabi_srli_10        
00008524  __mspabi_srli_11        
00008520  __mspabi_srli_12        
0000851c  __mspabi_srli_13        
00008518  __mspabi_srli_14        
00008514  __mspabi_srli_15        
00008548  __mspabi_srli_2         
00008544  __mspabi_srli_3         
00008540  __mspabi_srli_4         
0000853c  __mspabi_srli_5         
00008538  __mspabi_srli_6         
00008534  __mspabi_srli_7         
00008530  __mspabi_srli_8         
0000852c  __mspabi_srli_9         
0000840a  _auto_init              
00008790  _c_int00_noargs_noexit  
0000fffe  _reset_vector           
000005b0  _stack                  
000088a2  _system_pre_init        
000088a6  abort                   
ffffffff  binit                   
00000216  datoLeido               
000085de  main                    
000087c4  memccpy                 
0000886c  memcpy                  
00008820  memset                  
000083a4  mostrarLecturaConvertida
0000859a  parsearResultado        
00008658  sprintf                 
0000888e  strlen                  
00000200  tx_buffer               


GLOBAL SYMBOLS: SORTED BY Symbol Address 

address   name                    
-------   ----                    
00000000  IE1                     
00000001  IE2                     
00000002  IFG1                    
00000003  IFG2                    
00000010  P3REN                   
00000011  P4REN                   
00000018  P3IN                    
00000019  P3OUT                   
0000001a  P3DIR                   
0000001b  P3SEL                   
0000001c  P4IN                    
0000001d  P4OUT                   
0000001e  P4DIR                   
0000001f  P4SEL                   
00000020  P1IN                    
00000021  P1OUT                   
00000022  P1DIR                   
00000023  P1IFG                   
00000024  P1IES                   
00000025  P1IE                    
00000026  P1SEL                   
00000027  P1REN                   
00000028  P2IN                    
00000029  P2OUT                   
0000002a  P2DIR                   
0000002b  P2IFG                   
0000002c  P2IES                   
0000002d  P2IE                    
0000002e  P2SEL                   
0000002f  P2REN                   
00000048  ADC10DTC0               
00000049  ADC10DTC1               
0000004a  ADC10AE0                
0000004b  ADC10AE1                
00000050  __STACK_SIZE            
00000053  BCSCTL3                 
00000056  DCOCTL                  
00000057  BCSCTL1                 
00000058  BCSCTL2                 
0000005d  UCA0ABCTL               
0000005e  UCA0IRTCTL              
0000005f  UCA0IRRCTL              
00000060  UCA0CTL0                
00000061  UCA0CTL1                
00000062  UCA0BR0                 
00000063  UCA0BR1                 
00000064  UCA0MCTL                
00000065  UCA0STAT                
00000066  UCA0RXBUF               
00000067  UCA0TXBUF               
00000068  UCB0CTL0                
00000069  UCB0CTL1                
0000006a  UCB0BR0                 
0000006b  UCB0BR1                 
0000006c  UCB0I2CIE               
0000006d  UCB0STAT                
0000006e  UCB0RXBUF               
0000006f  UCB0TXBUF               
000000c0  OA0CTL0                 
000000c1  OA0CTL1                 
000000c2  OA1CTL0                 
000000c3  OA1CTL1                 
00000118  UCB0I2COA               
0000011a  UCB0I2CSA               
0000011e  TBIV                    
00000120  WDTCTL                  
00000128  FCTL1                   
0000012a  FCTL2                   
0000012c  FCTL3                   
0000012e  TAIV                    
00000160  TACTL                   
00000162  TACCTL0                 
00000164  TACCTL1                 
00000166  TACCTL2                 
00000170  TAR                     
00000172  TACCR0                  
00000174  TACCR1                  
00000176  TACCR2                  
00000180  TBCTL                   
00000182  TBCCTL0                 
00000184  TBCCTL1                 
00000186  TBCCTL2                 
00000190  TBR                     
00000192  TBCCR0                  
00000194  TBCCR1                  
00000196  TBCCR2                  
000001b0  ADC10CTL0               
000001b2  ADC10CTL1               
000001b4  ADC10MEM                
000001bc  ADC10SA                 
00000200  tx_buffer               
00000214  AD_result               
00000216  datoLeido               
000005b0  _stack                  
00000600  __STACK_END             
000010f8  CALDCO_16MHZ            
000010f9  CALBC1_16MHZ            
000010fa  CALDCO_12MHZ            
000010fb  CALBC1_12MHZ            
000010fc  CALDCO_8MHZ             
000010fd  CALBC1_8MHZ             
000010fe  CALDCO_1MHZ             
000010ff  CALBC1_1MHZ             
00008116  __TI_printfi_minimal    
000081e0  __mspabi_mpyf           
000082a2  __mspabi_divf           
0000833c  __mspabi_fixfi          
000083a4  mostrarLecturaConvertida
0000840a  _auto_init              
00008506  __mspabi_srli           
00008514  __mspabi_srli_15        
00008518  __mspabi_srli_14        
0000851c  __mspabi_srli_13        
00008520  __mspabi_srli_12        
00008524  __mspabi_srli_11        
00008528  __mspabi_srli_10        
0000852c  __mspabi_srli_9         
00008530  __mspabi_srli_8         
00008534  __mspabi_srli_7         
00008538  __mspabi_srli_6         
0000853c  __mspabi_srli_5         
00008540  __mspabi_srli_4         
00008544  __mspabi_srli_3         
00008548  __mspabi_srli_2         
0000854c  __mspabi_srli_1         
0000859a  parsearResultado        
000085de  main                    
0000861c  Init_UART               
00008658  sprintf                 
00008690  ISR_UartRx              
000086f4  UART_Tx_string          
00008720  __mspabi_divi           
00008720  __mspabi_remi           
0000874c  __mspabi_fltuf          
00008770  AD10_Convert            
00008790  _c_int00_noargs_noexit  
000087c4  memccpy                 
000087f6  __mspabi_divu           
000087f6  __mspabi_remu           
0000880c  __TI_zero_init          
00008820  memset                  
00008834  __mspabi_mpyi           
00008834  __mspabi_mpyi_sw        
00008848  Init_ADC10              
0000886c  memcpy                  
0000887e  __mspabi_func_epilog_7  
00008880  __mspabi_func_epilog_6  
00008882  __mspabi_func_epilog_5  
00008884  __mspabi_func_epilog_4  
00008886  __mspabi_func_epilog_3  
00008888  __mspabi_func_epilog_2  
0000888a  __mspabi_func_epilog_1  
0000888e  strlen                  
0000889c  __TI_ISR_TRAP           
000088a2  _system_pre_init        
000088a6  C$$EXIT                 
000088a6  abort                   
000088d6  __TI_Handler_Table_Base 
000088d8  __TI_CINIT_Base         
000088d8  __TI_Handler_Table_Limit
000088dc  __TI_CINIT_Limit        
0000ffe4  __TI_int02              
0000ffe6  __TI_int03              
0000ffea  __TI_int05              
0000ffec  __TI_int06              
0000ffee  __TI_int07              
0000fff0  __TI_int08              
0000fff2  __TI_int09              
0000fff4  __TI_int10              
0000fff8  __TI_int12              
0000fffa  __TI_int13              
0000fffc  __TI_int14              
0000fffe  _reset_vector           
ffffffff  __binit__               
ffffffff  __c_args__              
ffffffff  binit                   
UNDEFED   __TI_INITARRAY_Base     
UNDEFED   __TI_INITARRAY_Limit    

[178 symbols]
